// SPDX-License-Identifier: MIT
pragma solidity ^0.8.0;

import "@openzeppelin/contracts/token/ERC721/ERC721.sol";
import "@openzeppelin/contracts/access/Ownable.sol";
import "@openzeppelin/contracts/utils/Counters.sol";

contract Question0006Solution is ERC721 {
    using Counters for Counters.Counter;
    Counters.Counter private _tokenIds;

    constructor() ERC721("MyNonTransferableNFT", "MNFT") {}

    function createCollectible() public returns (uint256) {
        uint256 newItemId = _tokenIds.current();
        _mint(msg.sender, newItemId);
        _tokenIds.increment();
        return newItemId;
    }

    function _transfer(
        address from,
        address to,
        uint256 tokenId
    ) internal override {
        revert("This NFT is non-transferable");
    }
}
